aggregate_event_test AGREE
array_init_rom_test DIRECT-UNSUPPORTED
array_literal_test AGREE
array_operator_test DIRECT-SEMANTIC
array_test AGREE
assoc_fn_test AGREE
await_forms_test AGREE
await_test AGREE
await_unmet_test AGREE
bit_string_test AGREE
block_local_test AGREE
bus_test AGREE
cdc_test AGREE
chain_test AGREE
char_fn_return_test AGREE
char_read_test DIRECT-UNSUPPORTED
complex_test DIRECT-SEMANTIC
compose_nested_test DIRECT-UNSUPPORTED
composite_self_assign_test DIRECT-UNSUPPORTED
concat_test DIRECT-UNSUPPORTED
connect_forms_test DIRECT-SEMANTIC
connected_struct_initializer_test AGREE
const_array_test DIRECT-UNSUPPORTED
const_fold_test AGREE
const_test AGREE
convert_test AGREE
counter_test AGREE
default_construction_test AGREE
derive_chain_test AGREE
derive_test AGREE
derived_clock_test AGREE
division_zero_test AGREE
dynamic_struct_write_test AGREE
engine_differential_test DIRECT-UNSUPPORTED
entity_associated_fn_test AGREE
enum_const_test AGREE
enum_inline_display_test DIRECT-UNSUPPORTED
family_test AGREE
fanout_init_test DIRECT-UNSUPPORTED
ffi_real_test AGREE
ffi_test AGREE
fifo_test AGREE
fn_local_test AGREE
fn_return_type_test AGREE
fn_test AGREE
format_test DIRECT-UNSUPPORTED
from_test AGREE
fs_test DIRECT-UNSUPPORTED
fsm_test AGREE
generate_if_test AGREE
generate_negative_test DIRECT-SEMANTIC
generate_shape_test AGREE
generate_struct_connection_test AGREE
generate_test AGREE
generic_binder_test AGREE
generic_standalone_test AGREE
generic_struct_method_test DIRECT-SEMANTIC
generic_test AGREE
hardware_shape_test AGREE
hierarchy_test AGREE
impl_const_test AGREE
index_overload_test AGREE
initializer_seed_test AGREE
inout_test AGREE
instance_array_test AGREE
instance_placement_test AGREE
instances_test DIRECT-UNSUPPORTED
integer_hw_test DIRECT-UNSUPPORTED
integer_param_signed_test AGREE
iterate_test AGREE
lfsr_test DIRECT-SEMANTIC
logic_default_test AGREE
logic_match_test AGREE
logic_ninevalue_test DIRECT-UNSUPPORTED
logic_table_test DIRECT-UNSUPPORTED
logic_test AGREE
loop_in_process_test AGREE
loop_shadow_test AGREE
match_enum_exhaustive_test AGREE
match_numeric_exhaustive_test AGREE
match_pattern_test AGREE
match_struct_value_test AGREE
math_test AGREE
metavalue_state_test DIRECT-UNSUPPORTED
method_in_process_test AGREE
multiclock_test AGREE
mux_test AGREE
named_struct_literal_test AGREE
namespaced_identity_test DIRECT-UNSUPPORTED
nested_aggregate_read_test AGREE
nested_array_local_test DIRECT-UNSUPPORTED
nested_dynamic_access_test AGREE
newtype_vector_test AGREE
numeric_boundary_test AGREE
numeric_literal_syntax_test AGREE
old_attr_test AGREE
packed_partial_write_test DIRECT-UNSUPPORTED
partial_range_test AGREE
print_test AGREE
protocol_view_traits_test AGREE
rand_test DIRECT-UNSUPPORTED
rand_text_test DIRECT-UNSUPPORTED
range_attr_test DIRECT-UNSUPPORTED
range_test AGREE
ranged_local_test AGREE
real_compare_test AGREE
real_conversion_signed_test AGREE
real_conversion_test AGREE
real_local_test AGREE
regfile_test AGREE
register_test AGREE
registered_array_test AGREE
registered_struct_test AGREE
resolve_table_test DIRECT-SEMANTIC
riscv_alu_test AGREE
riscv_decode_test AGREE
runtime_vector_index_test DIRECT-UNSUPPORTED
saturating_accumulator_test AGREE
shift_edge_test DIRECT-SEMANTIC
signed_branch_expr_test AGREE
signed_conversion_test AGREE
signed_differential_test AGREE
signed_divide_test AGREE
signed_fn_arg_test AGREE
signed_inline_expr_test AGREE
signed_local_test AGREE
signed_port_test DIRECT-SEMANTIC
signed_print_test AGREE
signed_struct_field_test AGREE
signed_test AGREE
signed_widen_test DIRECT-UNSUPPORTED
slice_assign_test AGREE
slice_direction_test DIRECT-UNSUPPORTED
slice_write_test AGREE
spi_test AGREE
std_numeric_test AGREE
std_test AGREE
stream_bus_test AGREE
stream_test AGREE
string_local_test DIRECT-UNSUPPORTED
string_test DIRECT-UNSUPPORTED
string_to_array_test AGREE
string_vector_test AGREE
struct_argument_test AGREE
struct_const_test DIRECT-UNSUPPORTED
struct_init_test DIRECT-UNSUPPORTED
struct_literal_test AGREE
struct_port_literal_test DIRECT-SEMANTIC
struct_state_test AGREE
struct_test AGREE
struct_value_test DIRECT-UNSUPPORTED
struct_valued_call_test DIRECT-UNSUPPORTED
testbench_bus_link_test AGREE
testbench_composite_test DIRECT-UNSUPPORTED
testbench_const_test DIRECT-UNSUPPORTED
testbench_dynamic_array_write_test DIRECT-UNSUPPORTED
testbench_lint_scope_test AGREE
time_frequency_test DIRECT-UNSUPPORTED
timeline_edge_test AGREE
trait_default_test DIRECT-UNSUPPORTED
uart_fsm_test AGREE
user_operator_test DIRECT-UNSUPPORTED
vector_resolve_test DIRECT-SEMANTIC
view_bus_test AGREE
warn_test AGREE
where_test AGREE
wide_const_test AGREE
wide_literal_test AGREE
wide_test AGREE
xz_compare_test AGREE
xz_copy_chain_test DIRECT-UNSUPPORTED
xz_logical_test AGREE
xz_poison_test AGREE
xz_vector_ops_test DIRECT-UNSUPPORTED
xz_vector_test AGREE
xz_wide_test AGREE
